-r base.txt

bandit==1.5.1
coverage==4.5.1
flake8==3.5.0
