services:
  postgres:
    image: postgres:10.4-alpine
    environment:
      - POSTGRES_USER=root
      - POSTGRES_PASSWORD=root
      - POSTGRES_DB=db

pipeline:
  test:
    image: python:3.6-alpine3.7
    commands:
      - pip install -r requirements/ci.txt --no-cache-dir
      - bash scripts/wait-for-it.sh $${DATABASE_HOST} $${DATABASE_PORT}
      - bash scripts/run-tests.sh --ci
    environment:
      - DATABASE_ENGINE=postgresql
      - DATABASE_NAME=db
      - DATABASE_USER=root
      - DATABASE_PASSWORD=root
      - DATABASE_HOST=postgres
      - DATABASE_PORT=5432
    when:
      event: [pull_request, push, tag]
